#Teste Interface Software
#Teste 1:  Salvamento dos resultados em arquivo de disco

Robert, execute o teste;
No terminal selecione o texto todo do teste e cole aqui.
De forma que aqui teremos toda a saída do programa.

Faça o mesmo para todos os testes;
Adicionar dados de entrada no arquivo Teste-x-NomeTeste.in;
Adicionar dados de saida no  arquivo Teste-x-NomeTeste.out

Os nomes dos testes devem estar de acordo com o que tem no lyx.
Assim a pessoa acha rapidinho.


